// Jest Snapshot v1, https://goo.gl/fbAQLP

exports[`Pruebas en <gifGrid> Debe mostrar el componente correctamente 1`] = `
<div
  className="card-item"
>
  <img />
  <p />
</div>
`;
